// Vitest Snapshot v1, https://vitest.dev/guide/snapshot.html

exports[`porch > should not throttle when interval is not specified 1`] = `
[
  [
    [
      "a",
      "b",
      "c",
      "d",
      "e",
    ],
    5,
  ],
  [
    [
      "a",
      "b",
      "c",
      "d",
      "e",
    ],
    5,
  ],
  [
    [
      "a",
      "b",
      "c",
      "d",
      "e",
    ],
    3,
  ],
  [
    [
      "a",
      "b",
      "c",
      "d",
      "e",
    ],
    2,
  ],
  [
    [
      "a",
      "b",
      "c",
      "d",
      "e",
    ],
    2,
  ],
  [
    [
      "a",
      "b",
      "c",
      "d",
      "e",
    ],
    1,
  ],
  [
    [
      "a",
      "b",
      "c",
      "d",
      "e",
    ],
    1,
  ],
]
`;

exports[`porch > should process tasks in batches by concurrency 1`] = `
[
  [
    [
      "a",
      "b",
      "c",
      "d",
      "e",
    ],
    5,
  ],
  [
    [
      "a",
      "b",
      "c",
      "d",
      "e",
    ],
    5,
  ],
  [
    [
      "a",
      "b",
      "c",
      "d",
      "e",
    ],
    3,
  ],
  [
    [
      "a",
      "b",
      "c",
      "d",
      "e",
    ],
    2,
  ],
  [
    [
      "a",
      "b",
      "c",
      "d",
      "e",
    ],
    2,
  ],
  [
    [
      "a",
      "b",
      "c",
      "d",
      "e",
    ],
    1,
  ],
  [
    [
      "a",
      "b",
      "c",
      "d",
      "e",
    ],
    1,
  ],
]
`;

exports[`porch > should throttle batches by given interval 1`] = `
[
  [
    [
      "a",
      "b",
      "c",
      "d",
      "e",
    ],
    9,
  ],
  [
    [
      "a",
      "b",
      "c",
      "d",
      "e",
    ],
    9,
  ],
  [
    [
      "a",
      "b",
      "c",
      "d",
      "e",
    ],
    5,
  ],
  [
    [
      "a",
      "b",
      "c",
      "d",
      "e",
    ],
    3,
  ],
  [
    [
      "a",
      "b",
      "c",
      "d",
      "e",
    ],
    3,
  ],
  [
    [
      "a",
      "b",
      "c",
      "d",
      "e",
    ],
    1,
  ],
  [
    [
      "a",
      "b",
      "c",
      "d",
      "e",
    ],
    1,
  ],
]
`;
